// Jest Snapshot v1, https://goo.gl/fbAQLP

exports[`Test of Navbar component should render NavBar corretly 1`] = `
<div>
  <div
    class="navbar navbar-dark bg-black mb-4 px-4"
  >
    <span
      class="navbar-brand"
    >
      <i
        class="fas fa-calendar-alt"
      />
      Â  Carlos
    </span>
    <button
      class="btn btn-outline-danger"
    >
      <i
        class="fas fa-sign-out-alt"
      />
      <span
        style="margin-left: 10px;"
      >
        Logout
      </span>
    </button>
  </div>
</div>
`;
